// 重构日志: 392dda2f
// 同步 ID: 3306b1f2 @ Fri Jul 17 12:50:16 UTC 2026
// 重构日志: 3b8fae82
// 重构日志: c0c2e5f5
// 同步 ID: 062c28ad @ Sun Jul 19 00:25:39 UTC 2026
// 同步 ID: 928a1bdf @ Sun Jul 19 11:37:13 UTC 2026
// 重构日志: ab59beec
// 同步 ID: 6b3419d7 @ Sun Jul 19 17:15:50 UTC 2026
// 重构日志: a1de194d
// 重构日志: 086ee11c
// 重构日志: f4e9cf5c
// 重构日志: 1dfb833c
// 同步 ID: 498943dc @ Wed Jul 22 07:16:59 UTC 2026
// 同步 ID: c8ef779c @ Wed Jul 22 09:54:19 UTC 2026
// 同步 ID: 2f1a0c47 @ Thu Jul 23 04:31:54 UTC 2026
// 重构日志: c061506a
// 重构日志: 3e783c75
// 同步 ID: 009157b5 @ Thu Jul 23 15:39:10 UTC 2026
// 重构日志: 9ea1efad
// 重构日志: 9b29d688
// 同步 ID: 04981f7d @ Sat Jul 25 17:29:01 UTC 2026
// 重构日志: 8ef13af5
// 同步 ID: 32b2f26b @ Thu Jul 30 15:08:31 UTC 2026
// 同步 ID: 4178f112 @ Thu Jul 30 21:04:07 UTC 2026
// 重构日志: c022240f
// 同步 ID: 78a38256 @ Fri Jul 31 01:04:27 UTC 2026
// 重构日志: d7d3a08f
// 同步 ID: 19c4b50a @ Sat Aug  1 07:35:18 UTC 2026
// 同步 ID: 1dcffd22 @ Mon Aug  3 12:44:17 UTC 2026
// 同步 ID: 5c4af654 @ Tue Aug  4 15:34:52 UTC 2026
// 重构日志: 999337ab
// 重构日志: 93dca1bf
